[    0.000000] Initializing cgroup subsys cpuset
[    0.000000] Initializing cgroup subsys cpu
[    0.000000] Initializing cgroup subsys cpuacct
[    0.000000] Linux version 4.4.0-157-generic (buildd@lgw01-amd64-037) (gcc version 5.4.0 20160609 (Ubuntu 5.4.0-6ubuntu1~16.04.10) ) #185-Ubuntu SMP Tue Jul 23 09:17:01 UTC 2019 (Ubuntu 4.4.0-157.185-generic 4.4.181)
[    0.000000] Command line: BOOT_IMAGE=/boot/vmlinuz-4.4.0-157-generic root=LABEL=cloudimg-rootfs ro console=tty1 console=ttyS0
[    0.000000] KERNEL supported cpus:
[    0.000000]   Intel GenuineIntel
[    0.000000]   AMD AuthenticAMD
[    0.000000]   Centaur CentaurHauls
[    0.000000] x86/fpu: xstate_offset[2]:  576, xstate_sizes[2]:  256
[    0.000000] x86/fpu: Supporting XSAVE feature 0x01: 'x87 floating point registers'
[    0.000000] x86/fpu: Supporting XSAVE feature 0x02: 'SSE registers'
[    0.000000] x86/fpu: Supporting XSAVE feature 0x04: 'AVX registers'
[    0.000000] x86/fpu: Enabled xstate features 0x7, context size is 832 bytes, using 'standard' format.
[    0.000000] e820: BIOS-provided physical RAM map:
[    0.000000] BIOS-e820: [mem 0x0000000000000000-0x000000000009fbff] usable
[    0.000000] BIOS-e820: [mem 0x000000000009fc00-0x000000000009ffff] reserved
[    0.000000] BIOS-e820: [mem 0x00000000000f0000-0x00000000000fffff] reserved
[    0.000000] BIOS-e820: [mem 0x0000000000100000-0x000000003ffeffff] usable
[    0.000000] BIOS-e820: [mem 0x000000003fff0000-0x000000003fffffff] ACPI data
[    0.000000] BIOS-e820: [mem 0x00000000fec00000-0x00000000fec00fff] reserved
[    0.000000] BIOS-e820: [mem 0x00000000fee00000-0x00000000fee00fff] reserved
[    0.000000] BIOS-e820: [mem 0x00000000fffc0000-0x00000000ffffffff] reserved
[    0.000000] NX (Execute Disable) protection: active
[    0.000000] SMBIOS 2.5 present.
[    0.000000] Hypervisor detected: KVM
[    0.000000] e820: last_pfn = 0x3fff0 max_arch_pfn = 0x400000000
[    0.000000] MTRR: Disabled
[    0.000000] x86/PAT: MTRRs disabled, skipping PAT initialization too.
[    0.000000] CPU MTRRs all blank - virtualized system.
[    0.000000] x86/PAT: Configuration [0-7]: WB  WT  UC- UC  WB  WT  UC- UC  
[    0.000000] found SMP MP-table at [mem 0x0009fff0-0x0009ffff] mapped at [ffff88000009fff0]
[    0.000000] Scanning 1 areas for low memory corruption
[    0.000000] RAMDISK: [mem 0x362fc000-0x37175fff]
[    0.000000] ACPI: Early table checksum verification disabled
[    0.000000] ACPI: RSDP 0x00000000000E0000 000024 (v02 VBOX  )
[    0.000000] ACPI: XSDT 0x000000003FFF0030 00003C (v01 VBOX   VBOXXSDT 00000001 ASL  00000061)
[    0.000000] ACPI: FACP 0x000000003FFF00F0 0000F4 (v04 VBOX   VBOXFACP 00000001 ASL  00000061)
[    0.000000] ACPI: DSDT 0x000000003FFF0470 0022EA (v02 VBOX   VBOXBIOS 00000002 INTL 20100528)
[    0.000000] ACPI: FACS 0x000000003FFF0200 000040
[    0.000000] ACPI: FACS 0x000000003FFF0200 000040
[    0.000000] ACPI: APIC 0x000000003FFF0240 00005C (v02 VBOX   VBOXAPIC 00000001 ASL  00000061)
[    0.000000] ACPI: SSDT 0x000000003FFF02A0 0001CC (v01 VBOX   VBOXCPUT 00000002 INTL 20100528)
[    0.000000] No NUMA configuration found
[    0.000000] Faking a node at [mem 0x0000000000000000-0x000000003ffeffff]
[    0.000000] NODE_DATA(0) allocated [mem 0x3ffeb000-0x3ffeffff]
[    0.000000] kvm-clock: Using msrs 4b564d01 and 4b564d00
[    0.000000] kvm-clock: cpu 0, msr 0:3ffe3001, primary cpu clock
[    0.000000] kvm-clock: using sched offset of 3917921611 cycles
[    0.000000] clocksource: kvm-clock: mask: 0xffffffffffffffff max_cycles: 0x1cd42e4dffb, max_idle_ns: 881590591483 ns
[    0.000000] Zone ranges:
[    0.000000]   DMA      [mem 0x0000000000001000-0x0000000000ffffff]
[    0.000000]   DMA32    [mem 0x0000000001000000-0x000000003ffeffff]
[    0.000000]   Normal   empty
[    0.000000]   Device   empty
[    0.000000] Movable zone start for each node
[    0.000000] Early memory node ranges
[    0.000000]   node   0: [mem 0x0000000000001000-0x000000000009efff]
[    0.000000]   node   0: [mem 0x0000000000100000-0x000000003ffeffff]
[    0.000000] Initmem setup node 0 [mem 0x0000000000001000-0x000000003ffeffff]
[    0.000000] ACPI: PM-Timer IO Port: 0x4008
[    0.000000] IOAPIC[0]: apic_id 2, version 32, address 0xfec00000, GSI 0-23
[    0.000000] ACPI: INT_SRC_OVR (bus 0 bus_irq 0 global_irq 2 dfl dfl)
[    0.000000] ACPI: INT_SRC_OVR (bus 0 bus_irq 9 global_irq 9 low level)
[    0.000000] Using ACPI (MADT) for SMP configuration information
[    0.000000] smpboot: Allowing 2 CPUs, 0 hotplug CPUs
[    0.000000] PM: Registered nosave memory: [mem 0x00000000-0x00000fff]
[    0.000000] PM: Registered nosave memory: [mem 0x0009f000-0x0009ffff]
[    0.000000] PM: Registered nosave memory: [mem 0x000a0000-0x000effff]
[    0.000000] PM: Registered nosave memory: [mem 0x000f0000-0x000fffff]
[    0.000000] e820: [mem 0x40000000-0xfebfffff] available for PCI devices
[    0.000000] Booting paravirtualized kernel on KVM
[    0.000000] clocksource: refined-jiffies: mask: 0xffffffff max_cycles: 0xffffffff, max_idle_ns: 7645519600211568 ns
[    0.000000] setup_percpu: NR_CPUS:512 nr_cpumask_bits:512 nr_cpu_ids:2 nr_node_ids:1
[    0.000000] PERCPU: Embedded 34 pages/cpu @ffff88003fc00000 s99544 r8192 d31528 u1048576
[    0.000000] Built 1 zonelists in Node order, mobility grouping on.  Total pages: 257912
[    0.000000] Policy zone: DMA32
[    0.000000] Kernel command line: BOOT_IMAGE=/boot/vmlinuz-4.4.0-157-generic root=LABEL=cloudimg-rootfs ro console=tty1 console=ttyS0
[    0.000000] PID hash table entries: 4096 (order: 3, 32768 bytes)
[    0.000000] Memory: 997736K/1048120K available (8618K kernel code, 1335K rwdata, 4032K rodata, 1484K init, 1284K bss, 50384K reserved, 0K cma-reserved)
[    0.000000] SLUB: HWalign=64, Order=0-3, MinObjects=0, CPUs=2, Nodes=1
[    0.000000] Kernel/User page tables isolation: enabled
[    0.000000] Hierarchical RCU implementation.
[    0.000000] 	Build-time adjustment of leaf fanout to 64.
[    0.000000] 	RCU restricting CPUs from NR_CPUS=512 to nr_cpu_ids=2.
[    0.000000] RCU: Adjusting geometry for rcu_fanout_leaf=64, nr_cpu_ids=2
[    0.000000] NR_IRQS:33024 nr_irqs:440 16
[    0.000000] Console: colour VGA+ 80x25
[    0.000000] console [tty1] enabled
[    0.000000] console [ttyS0] enabled
[    0.000000] tsc: Detected 1608.000 MHz processor
[    0.181670] Calibrating delay loop (skipped) preset value.. 3216.00 BogoMIPS (lpj=6432000)
[    0.184481] pid_max: default: 32768 minimum: 301
[    0.186024] ACPI: Core revision 20150930
[    0.188126] ACPI: 2 ACPI AML tables successfully acquired and loaded
[    0.190110] Security Framework initialized
[    0.191246] Yama: becoming mindful.
[    0.192327] AppArmor: AppArmor initialized
[    0.193589] Dentry cache hash table entries: 131072 (order: 8, 1048576 bytes)
[    0.197347] Inode-cache hash table entries: 65536 (order: 7, 524288 bytes)
[    0.199251] Mount-cache hash table entries: 2048 (order: 2, 16384 bytes)
[    0.201567] Mountpoint-cache hash table entries: 2048 (order: 2, 16384 bytes)
[    0.203640] Initializing cgroup subsys io
[    0.204839] Initializing cgroup subsys memory
[    0.206110] Initializing cgroup subsys devices
[    0.207308] Initializing cgroup subsys freezer
[    0.209006] Initializing cgroup subsys net_cls
[    0.210367] Initializing cgroup subsys perf_event
[    0.211638] Initializing cgroup subsys net_prio
[    0.212949] Initializing cgroup subsys hugetlb
[    0.214155] Initializing cgroup subsys pids
[    0.217043] mce: CPU supports 0 MCE banks
[    0.218544] Last level iTLB entries: 4KB 64, 2MB 8, 4MB 8
[    0.220309] Last level dTLB entries: 4KB 64, 2MB 0, 4MB 0, 1GB 4
[    0.222132] Spectre V2 : Mitigation: Full generic retpoline
[    0.223584] Spectre V2 : Spectre v2 / SpectreRSB mitigation: Filling RSB on context switch
[    0.225942] Speculative Store Bypass: Vulnerable
[    0.227265] MDS: Mitigation: Clear CPU buffers
[    0.231537] Freeing SMP alternatives memory: 36K
[    0.240087] ftrace: allocating 32312 entries in 127 pages
[    0.304481] smpboot: APIC(0) Converting physical 0 to logical package 0
[    0.306701] smpboot: Max logical packages: 1
[    0.308115] x2apic enabled
[    0.309212] Switched APIC routing to physical x2apic.
[    0.311697] ..TIMER: vector=0x30 apic1=0 pin1=2 apic2=-1 pin2=-1
[    0.421259] smpboot: CPU0: Intel(R) Core(TM) i5-8210Y CPU @ 1.60GHz (family: 0x6, model: 0x8e, stepping: 0x9)
[    0.424501] Performance Events: unsupported p6 CPU model 142 no PMU driver, software events only.
[    0.436655] KVM setup paravirtual spinlock
[    0.439083] x86: Booting SMP configuration:
[    0.440783] .... node  #0, CPUs:      #1
[    0.442038] kvm-clock: cpu 1, msr 0:3ffe3041, secondary cpu clock
[    0.445644] mce: CPU supports 0 MCE banks
[    0.448794] x86: Booted up 1 node, 2 CPUs
[    0.450701] smpboot: Total of 2 processors activated (6432.00 BogoMIPS)
[    0.453741] devtmpfs: initialized
[    0.457325] evm: security.selinux
[    0.458804] evm: security.SMACK64
[    0.459771] evm: security.SMACK64EXEC
[    0.460920] evm: security.SMACK64TRANSMUTE
[    0.462111] evm: security.SMACK64MMAP
[    0.463143] evm: security.ima
[    0.464029] evm: security.capability
[    0.465988] clocksource: jiffies: mask: 0xffffffff max_cycles: 0xffffffff, max_idle_ns: 7645041785100000 ns
[    0.468847] futex hash table entries: 512 (order: 3, 32768 bytes)
[    0.470758] pinctrl core: initialized pinctrl subsystem
[    0.472276] RTC time:  6:04:07, date: 08/02/19
[    0.473674] NET: Registered protocol family 16
[    0.485528] cpuidle: using governor ladder
[    0.497752] cpuidle: using governor menu
[    0.500057] PCCT header not found.
[    0.501974] ACPI: bus type PCI registered
[    0.503504] acpiphp: ACPI Hot Plug PCI Controller Driver version: 0.5
[    0.505778] PCI: Using configuration type 1 for base access
[    0.522732] ACPI: Added _OSI(Module Device)
[    0.524690] ACPI: Added _OSI(Processor Device)
[    0.526302] ACPI: Added _OSI(3.0 _SCP Extensions)
[    0.527879] ACPI: Added _OSI(Processor Aggregator Device)
[    0.530878] ACPI: Executed 1 blocks of module-level executable AML code
[    0.535785] ACPI: Interpreter enabled
[    0.537465] ACPI: (supports S0 S5)
[    0.538642] ACPI: Using IOAPIC for interrupt routing
[    0.540424] PCI: Using host bridge windows from ACPI; if necessary, use "pci=nocrs" and report a bug
[    0.548265] ACPI: PCI Root Bridge [PCI0] (domain 0000 [bus 00-ff])
[    0.550591] acpi PNP0A03:00: _OSC: OS supports [ASPM ClockPM Segments MSI]
[    0.552925] acpi PNP0A03:00: _OSC: not requesting OS control; OS requires [ExtendedConfig ASPM ClockPM MSI]
[    0.556143] acpi PNP0A03:00: fail to add MMCONFIG information, can't access extended PCI configuration space under this bridge.
[    0.559592] PCI host bridge to bus 0000:00
[    0.561234] pci_bus 0000:00: root bus resource [io  0x0000-0x0cf7 window]
[    0.563381] pci_bus 0000:00: root bus resource [io  0x0d00-0xffff window]
[    0.565790] pci_bus 0000:00: root bus resource [mem 0x000a0000-0x000bffff window]
[    0.567985] pci_bus 0000:00: root bus resource [mem 0x40000000-0xfdffffff window]
[    0.570727] pci_bus 0000:00: root bus resource [bus 00-ff]
[    0.575925] pci 0000:00:01.1: legacy IDE quirk: reg 0x10: [io  0x01f0-0x01f7]
[    0.578298] pci 0000:00:01.1: legacy IDE quirk: reg 0x14: [io  0x03f6]
[    0.580682] pci 0000:00:01.1: legacy IDE quirk: reg 0x18: [io  0x0170-0x0177]
[    0.582666] pci 0000:00:01.1: legacy IDE quirk: reg 0x1c: [io  0x0376]
[    0.602176] pci 0000:00:07.0: quirk: [io  0x4000-0x403f] claimed by PIIX4 ACPI
[    0.614750] pci 0000:00:07.0: quirk: [io  0x4100-0x410f] claimed by PIIX4 SMB
[    0.624365] ACPI: PCI Interrupt Link [LNKA] (IRQs 5 9 10 *11)
[    0.626757] ACPI: PCI Interrupt Link [LNKB] (IRQs 5 9 *10 11)
[    0.628751] ACPI: PCI Interrupt Link [LNKC] (IRQs 5 *9 10 11)
[    0.631113] ACPI: PCI Interrupt Link [LNKD] (IRQs 5 9 10 *11)
[    0.633358] ACPI: Enabled 2 GPEs in block 00 to 07
[    0.635558] vgaarb: setting as boot device: PCI:0000:00:02.0
[    0.637328] vgaarb: device added: PCI:0000:00:02.0,decodes=io+mem,owns=io+mem,locks=none
[    0.639857] vgaarb: loaded
[    0.640835] vgaarb: bridge control possible 0000:00:02.0
[    0.642491] SCSI subsystem initialized
[    0.643764] ACPI: bus type USB registered
[    0.645017] usbcore: registered new interface driver usbfs
[    0.646494] usbcore: registered new interface driver hub
[    0.648035] usbcore: registered new device driver usb
[    0.649733] PCI: Using ACPI for IRQ routing
[    0.651445] NetLabel: Initializing
[    0.653200] NetLabel:  domain hash size = 128
[    0.654844] NetLabel:  protocols = UNLABELED CIPSOv4
[    0.658583] NetLabel:  unlabeled traffic allowed by default
[    0.660815] amd_nb: Cannot enumerate AMD northbridges
[    0.662295] clocksource: Switched to clocksource kvm-clock
[    0.672894] AppArmor: AppArmor Filesystem Enabled
[    0.674499] pnp: PnP ACPI init
[    0.678064] pnp: PnP ACPI: found 3 devices
[    0.693118] clocksource: acpi_pm: mask: 0xffffff max_cycles: 0xffffff, max_idle_ns: 2085701024 ns
[    0.697820] NET: Registered protocol family 2
[    0.700772] TCP established hash table entries: 8192 (order: 4, 65536 bytes)
[    0.704565] TCP bind hash table entries: 8192 (order: 5, 131072 bytes)
[    0.707547] TCP: Hash tables configured (established 8192 bind 8192)
[    0.710932] UDP hash table entries: 512 (order: 2, 16384 bytes)
[    0.714149] UDP-Lite hash table entries: 512 (order: 2, 16384 bytes)
[    0.717427] NET: Registered protocol family 1
[    0.720347] pci 0000:00:00.0: Limiting direct PCI/PCI transfers
[    0.723114] pci 0000:00:01.0: Activating ISA DMA hang workarounds
[    0.726489] Unpacking initramfs...
[    0.972848] Freeing initrd memory: 14824K
[    0.975021] clocksource: tsc: mask: 0xffffffffffffffff max_cycles: 0x172daa3a18b, max_idle_ns: 440795212390 ns
[    0.977775] platform rtc_cmos: registered platform RTC device (no PNP device found)
[    0.979999] Scanning for low memory corruption every 60 seconds
[    0.982024] audit: initializing netlink subsys (disabled)
[    0.984007] audit: type=2000 audit(1564725853.361:1): initialized
[    0.986018] Initialise system trusted keyring
[    0.987850] HugeTLB registered 2 MB page size, pre-allocated 0 pages
[    0.991095] zbud: loaded
[    0.992387] VFS: Disk quotas dquot_6.6.0
[    0.993887] VFS: Dquot-cache hash table entries: 512 (order 0, 4096 bytes)
[    0.996421] squashfs: version 4.0 (2009/01/31) Phillip Lougher
[    0.998237] fuse init (API version 7.23)
[    0.999731] Key type big_key registered
[    1.000853] Allocating IMA MOK and blacklist keyrings.
[    1.003522] Key type asymmetric registered
[    1.005104] Asymmetric key parser 'x509' registered
[    1.006492] Block layer SCSI generic (bsg) driver version 0.4 loaded (major 249)
[    1.008629] io scheduler noop registered
[    1.010137] io scheduler deadline registered (default)
[    1.011610] io scheduler cfq registered
[    1.012784] pci_hotplug: PCI Hot Plug PCI Core version: 0.5
[    1.014809] pciehp: PCI Express Hot Plug Controller Driver version: 0.4
[    1.016838] ACPI: AC Adapter [AC] (off-line)
[    1.018351] input: Power Button as /devices/LNXSYSTM:00/LNXPWRBN:00/input/input0
[    1.020575] ACPI: Power Button [PWRF]
[    1.021710] input: Sleep Button as /devices/LNXSYSTM:00/LNXSLPBN:00/input/input1
[    1.023855] ACPI: Sleep Button [SLPF]
[    1.025137] GHES: HEST is not enabled!
[    1.027706] ACPI: Battery Slot [BAT0] (battery present)
[    1.029542] Serial: 8250/16550 driver, 32 ports, IRQ sharing enabled
[    1.052037] 00:02: ttyS0 at I/O 0x3f8 (irq = 4, base_baud = 115200) is a 16550A
[    1.057336] Linux agpgart interface v0.103
[    1.060421] loop: module loaded
[    1.062056] scsi host0: ata_piix
[    1.063259] scsi host1: ata_piix
[    1.064408] ata1: PATA max UDMA/33 cmd 0x1f0 ctl 0x3f6 bmdma 0xd000 irq 14
[    1.066154] ata2: PATA max UDMA/33 cmd 0x170 ctl 0x376 bmdma 0xd008 irq 15
[    1.068197] libphy: Fixed MDIO Bus: probed
[    1.069466] tun: Universal TUN/TAP device driver, 1.6
[    1.071299] tun: (C) 1999-2004 Max Krasnyansky <maxk@qualcomm.com>
[    1.073398] PPP generic driver version 2.4.2
[    1.075183] ehci_hcd: USB 2.0 'Enhanced' Host Controller (EHCI) Driver
[    1.076865] ehci-pci: EHCI PCI platform driver
[    1.078233] ehci-platform: EHCI generic platform driver
[    1.079716] ohci_hcd: USB 1.1 'Open' Host Controller (OHCI) Driver
[    1.081346] ohci-pci: OHCI PCI platform driver
[    1.082776] ohci-platform: OHCI generic platform driver
[    1.084293] uhci_hcd: USB Universal Host Controller Interface driver
[    1.086545] i8042: PNP: PS/2 Controller [PNP0303:PS2K,PNP0f03:PS2M] at 0x60,0x64 irq 1,12
[    1.089505] serio: i8042 KBD port at 0x60,0x64 irq 1
[    1.091338] serio: i8042 AUX port at 0x60,0x64 irq 12
[    1.092988] mousedev: PS/2 mouse device common for all mice
[    1.096138] rtc_cmos rtc_cmos: rtc core: registered rtc_cmos as rtc0
[    1.098214] input: AT Translated Set 2 keyboard as /devices/platform/i8042/serio0/input/input2
[    1.101488] rtc_cmos rtc_cmos: alarms up to one day, 114 bytes nvram
[    1.103783] i2c /dev entries driver
[    1.105210] device-mapper: uevent: version 1.0.3
[    1.107350] device-mapper: ioctl: 4.34.0-ioctl (2015-10-28) initialised: dm-devel@redhat.com
[    1.109738] ledtrig-cpu: registered to indicate activity on CPUs
[    1.111929] NET: Registered protocol family 10
[    1.113555] NET: Registered protocol family 17
[    1.114875] Key type dns_resolver registered
[    1.116643] registered taskstats version 1
[    1.118130] Loading compiled-in X.509 certificates
[    1.120144] Loaded X.509 cert 'Build time autogenerated kernel key: 3e01e6df98386236d59670e6b2ed19a044d5324e'
[    1.122758] zswap: loaded using pool lzo/zbud
[    1.126017] Key type trusted registered
[    1.131098] Key type encrypted registered
[    1.132619] AppArmor: AppArmor sha1 policy hashing enabled
[    1.134439] ima: No TPM chip found, activating TPM-bypass!
[    1.136245] ima: Allocated hash algorithm: sha1
[    1.137494] evm: HMAC attrs: 0x1
[    1.139414]   Magic number: 15:308:63
[    1.140789] rtc_cmos rtc_cmos: setting system clock to 2019-08-02 06:04:08 UTC (1564725848)
[    1.143276] BIOS EDD facility v0.16 2004-Jun-25, 0 devices found
[    1.145205] EDD information not available.
[    1.232040] Freeing unused kernel memory: 1484K
[    1.234304] Write protecting the kernel read-only data: 14336k
[    1.237252] Freeing unused kernel memory: 1612K
[    1.240106] Freeing unused kernel memory: 64K
Loading, please wait...
starting version 229
[    1.260930] random: systemd-udevd: uninitialized urandom read (16 bytes read, 3 bits of entropy available)
[    1.261148] random: udevadm: uninitialized urandom read (16 bytes read, 3 bits of entropy available)
[    1.261169] random: udevadm: uninitialized urandom read (16 bytes read, 3 bits of entropy available)
[    1.270353] random: udevadm: uninitialized urandom read (16 bytes read, 3 bits of entropy available)
[    1.270404] random: udevadm: uninitialized urandom read (16 bytes read, 3 bits of entropy available)
[    1.270548] random: udevadm: uninitialized urandom read (16 bytes read, 3 bits of entropy available)
[    1.270601] random: udevadm: uninitialized urandom read (16 bytes read, 3 bits of entropy available)
[    1.270653] random: udevadm: uninitialized urandom read (16 bytes read, 3 bits of entropy available)
[    1.270703] random: udevadm: uninitialized urandom read (16 bytes read, 3 bits of entropy available)
[    1.270751] random: udevadm: uninitialized urandom read (16 bytes read, 3 bits of entropy available)
[    1.323822] e1000: Intel(R) PRO/1000 Network Driver - version 7.3.21-k8-NAPI
[    1.326053] e1000: Copyright (c) 1999-2006 Intel Corporation.
[    1.331359] Fusion MPT base driver 3.04.20
[    1.332557] Copyright (c) 1999-2008 LSI Corporation
[    1.341388] Fusion MPT SPI Host driver 3.04.20
[    1.354309] AVX2 version of gcm_enc/dec engaged.
[    1.355719] AES CTR mode by8 optimization enabled
[    1.542772] input: ImExPS/2 Generic Explorer Mouse as /devices/platform/i8042/serio1/input/input4
[    1.726770] e1000 0000:00:03.0 eth0: (PCI:33MHz:32-bit) 02:f8:81:3a:50:13
[    1.729650] e1000 0000:00:03.0 eth0: Intel(R) PRO/1000 Network Connection
[    1.733513] mptbase: ioc0: Initiating bringup
[    1.734754] e1000 0000:00:03.0 enp0s3: renamed from eth0
[    1.944130] ioc0: LSI53C1030 A0: Capabilities={Initiator}
[    3.087182] scsi host2: ioc0: LSI53C1030 A0, FwRev=00000000h, Ports=1, MaxQ=256, IRQ=20
[    3.413141] scsi 2:0:0:0: Direct-Access     VBOX     HARDDISK         1.0  PQ: 0 ANSI: 5
[    3.417385] scsi target2:0:0: Beginning Domain Validation
[    3.421021] scsi target2:0:0: Domain Validation skipping write tests
[    3.423664] scsi target2:0:0: Ending Domain Validation
[    3.425622] scsi target2:0:0: asynchronous
[    3.427873] scsi 2:0:1:0: Direct-Access     VBOX     HARDDISK         1.0  PQ: 0 ANSI: 5
[    3.431348] scsi target2:0:1: Beginning Domain Validation
[    3.436250] scsi target2:0:1: Domain Validation skipping write tests
[    3.438928] scsi target2:0:1: Ending Domain Validation
[    3.440819] scsi target2:0:1: asynchronous
[    3.448795] sd 2:0:0:0: Attached scsi generic sg0 type 0
[    3.450804] sd 2:0:0:0: [sda] 20971520 512-byte logical blocks: (10.7 GB/10.0 GiB)
[    3.464237] sd 2:0:1:0: Attached scsi generic sg1 type 0
[    3.464285] sd 2:0:1:0: [sdb] 20480 512-byte logical blocks: (10.5 MB/10.0 MiB)
[    3.464359] sd 2:0:0:0: [sda] Write Protect is off
[    3.464442] sd 2:0:1:0: [sdb] Write Protect is off
[    3.464458] sd 2:0:0:0: [sda] Incomplete mode parameter data
[    3.464460] sd 2:0:0:0: [sda] Assuming drive cache: write through
[    3.464547] sd 2:0:1:0: [sdb] Incomplete mode parameter data
[    3.464549] sd 2:0:1:0: [sdb] Assuming drive cache: write through
[    3.466871]  sda: sda1
[    3.467687] sd 2:0:1:0: [sdb] Attached SCSI disk
[    3.468001] sd 2:0:0:0: [sda] Attached SCSI disk
Begin: Loading essential drivers ... [    4.822384] md: linear personality registered for level -1
[    4.827237] md: multipath personality registered for level -4
[    4.832143] md: raid0 personality registered for level 0
[    4.838474] md: raid1 personality registered for level 1
[    4.910823] raid6: sse2x1   gen() 10196 MB/s
[    4.978885] raid6: sse2x1   xor()  7637 MB/s
[    5.046478] raid6: sse2x2   gen() 11970 MB/s
[    5.114529] raid6: sse2x2   xor()  8489 MB/s
[    5.182316] raid6: sse2x4   gen() 15233 MB/s
[    5.250398] raid6: sse2x4   xor()  6109 MB/s
[    5.318580] raid6: avx2x1   gen() 15759 MB/s
[    5.386565] raid6: avx2x2   gen() 26633 MB/s
[    5.454340] raid6: avx2x4   gen() 28817 MB/s
[    5.456221] raid6: using algorithm avx2x4 gen() 28817 MB/s
[    5.457651] raid6: using avx2x2 recovery algorithm
[    5.459985] xor: automatically using best checksumming function:
[    5.498533]    avx       : 24829.000 MB/sec
[    5.501491] async_tx: api initialized (async)
[    5.515166] md: raid6 personality registered for level 6
[    5.516865] md: raid5 personality registered for level 5
[    5.518617] md: raid4 personality registered for level 4
[    5.527624] md: raid10 personality registered for level 10
done.
Begin: Running /scripts/init-premount ... done.
Begin: Mounting root file system ... Begin: Running /scripts/local-top ... done.
Begin: Running /scripts/local-premount ... [    5.557513] Btrfs loaded
Scanning for Btrfs filesystems
done.
Warning: fsck not present, so skipping root file system
[    5.596579] EXT4-fs (sda1): mounted filesystem with ordered data mode. Opts: (null)
done.
Begin: Running /scripts/local-bottom ... done.
Begin: Running /scripts/init-bottom ... done.
[    5.727513] systemd[1]: systemd 229 running in system mode. (+PAM +AUDIT +SELINUX +IMA +APPARMOR +SMACK +SYSVINIT +UTMP +LIBCRYPTSETUP +GCRYPT +GNUTLS +ACL +XZ -LZ4 +SECCOMP +BLKID +ELFUTILS +KMOD -IDN)
[    5.732896] systemd[1]: Detected virtualization oracle.
[    5.734333] systemd[1]: Detected architecture x86-64.

Welcome to [1mUbuntu 16.04.6 LTS[0m!

[    5.748179] systemd[1]: Set hostname to <ubuntu>.
[    5.755858] systemd[1]: Initializing machine ID from random generator.
[    5.757857] systemd[1]: Installed transient /etc/machine-id file.
[    5.917756] systemd[1]: Created slice User and Session Slice.
[[0;32m  OK  [0m] Created slice User and Session Slice.
[    5.927669] systemd[1]: Created slice System Slice.
[[0;32m  OK  [0m] Created slice System Slice.
[    5.939480] systemd[1]: Created slice system-serial\x2dgetty.slice.
[[0;32m  OK  [0m] Created slice system-serial\x2dgetty.slice.
[    5.944156] systemd[1]: Listening on udev Control Socket.
[[0;32m  OK  [0m] Listening on udev Control Socket.
[    5.947931] systemd[1]: Listening on /dev/initctl Compatibility Named Pipe.
[[0;32m  OK  [0m] Listening on /dev/initctl Compatibility Named Pipe.
[    5.959575] systemd[1]: Listening on Journal Socket (/dev/log).
[[0;32m  OK  [0m] Listening on Journal Socket (/dev/log).
[    5.971292] systemd[1]: Listening on udev Kernel Socket.
[[0;32m  OK  [0m] Listening on udev Kernel Socket.
[    5.975350] systemd[1]: Started Trigger resolvconf update for networkd DNS.
[[0;32m  OK  [0m] Started Trigger resolvconf update for networkd DNS.
[    5.987827] systemd[1]: Listening on Journal Audit Socket.
[[0;32m  OK  [0m] Listening on Journal Audit Socket.
[    5.991892] systemd[1]: Listening on Journal Socket.
[[0;32m  OK  [0m] Listening on Journal Socket.
[    6.007096] systemd[1]: Starting Nameserver information manager...
         Starting Nameserver information manager...
[    6.014025] systemd[1]: Mounting POSIX Message Queue File System...
         Mounting POSIX Message Queue File System...
[    6.017758] systemd[1]: Listening on LVM2 metadata daemon socket.
[[0;32m  OK  [0m] Listening on LVM2 metadata daemon socket.
[    6.026605] systemd[1]: Starting Load Kernel Modules...
         Starting Load Kernel Modules...
[    6.031099] systemd[1]: Listening on Device-mapper event daemon FIFOs.
[[0;32m  OK  [0m] Listening on Device-mapper event daemon FIFOs.
[    6.039767] Loading iSCSI transport class v2.0-870.
[    6.042583] systemd[1]: Reached target Swap.
[[0;32m  OK  [0m] Reached target Swap.
[    6.046868] systemd[1]: Mounting Debug File System...
         Mounting Debug File System...
[    6.051705] iscsi: registered transport (tcp)
[    6.058684] systemd[1]: Reached target User and Group Name Lookups.
[[0;32m  OK  [0m] Reached target User and Group Name Lookups.
[    6.063628] systemd[1]: Started Forward Password Requests to Wall Directory Watch.
[[0;32m  OK  [0m] Started Forward Password Requests to Wall Directory Watch.
[    6.068183] systemd[1]: Set up automount Arbitrary Executable File Formats File System Automount Point.
[[0;32m  OK  [0m] Set up automount Arbitrary Executab...ats File System Automount Point.
[    6.089429] iscsi: registered transport (iser)
[    6.090529] systemd[1]: Starting Create list of required static device nodes for the current kernel...
         Starting Create list of required st... nodes for the current kernel...
[    6.095973] systemd[1]: Reached target Slices.
[[0;32m  OK  [0m] Reached target Slices.
[    6.100969] systemd[1]: Starting Monitoring of LVM2 mirrors, snapshots etc. using dmeventd or progress polling...
         Starting Monitoring of LVM2 mirrors... dmeventd or progress polling...
[    6.109565] systemd[1]: Starting Remount Root and Kernel File Systems...
         Starting Remount Root and Kernel File Systems...
[    6.114802] EXT4-fs (sda1): re-mounted. Opts: (null)
[    6.115191] systemd[1]: Starting Set console keymap...
         Starting Set console keymap...
[    6.120673] systemd[1]: Listening on Syslog Socket.
[[0;32m  OK  [0m] Listening on Syslog Socket.
[    6.127746] systemd[1]: Starting Journal Service...
         Starting Journal Service...
[    6.130999] systemd[1]: Reached target Encrypted Volumes.
[[0;32m  OK  [0m] Reached target Encrypted Volumes.
[    6.136422] systemd[1]: Starting Uncomplicated firewall...
         Starting Uncomplicated firewall...
[    6.143181] systemd[1]: Mounting Huge Pages File System...
         Mounting Huge Pages File System...
[    6.149105] systemd[1]: Listening on LVM2 poll daemon socket.
[[0;32m  OK  [0m] Listening on LVM2 poll daemon socket.
[    6.152714] systemd[1]: Reached target System Time Synchronized.
[[0;32m  OK  [0m] Reached target System Time Synchronized.
[    6.159227] systemd[1]: Mounted Huge Pages File System.
[[0;32m  OK  [0m] Mounted Huge Pages File System.
[    6.165078] systemd[1]: Mounted Debug File System.
[[0;32m  OK  [0m] Mounted Debug File System.
[    6.168655] systemd[1]: Mounted POSIX Message Queue File System.
[[0;32m  OK  [0m] Mounted POSIX Message Queue File System.
[    6.173112] systemd[1]: Started Journal Service.
[[0;32m  OK  [0m] Started Journal Service.
[[0;32m  OK  [0m] Started Load Kernel Modules.
[[0;32m  OK  [0m] Started Create list of required sta...ce nodes for the current kernel.
[[0;32m  OK  [0m] Started Remount Root and Kernel File Systems.
[[0;32m  OK  [0m] Started Set console keymap.
[[0;32m  OK  [0m] Started Uncomplicated firewall.
[[0;32m  OK  [0m] Started Nameserver information manager.
[[0;32m  OK  [0m] Started LVM2 metadata daemon.
         Starting Load/Save Random Seed..[    6.294160] random: nonblocking pool is initialized
.
         Starting udev Coldplug all Devices...
         Starting Create Static Device Nodes in /dev...
         Mounting FUSE Control File System...
         Starting Apply Kernel Variables...
         Starting Flush Journal to Persistent Storage...
[[0;32m  OK  [0m] Mounted FUSE Control File System.
[[0;32m  OK  [0m] Started Load/Save Random Seed.
[[0;32m  OK  [0m] Started Apply Kernel Variables.
[[0;32m  OK  [0m] Started Create Static Device Nodes in /dev.
[[0;32m  OK  [0m] Started udev Coldplug all Devices.
[[0;32m  OK  [0m] Started Flush Journal to Persistent Storage.
         Starting udev Kernel Device Manager...
[[0;32m  OK  [0m] Started udev Kernel Device Manager.
[[0;32m  OK  [0m] Started Dispatch Password Requests to Console Directory Watch.
[[0;32m  OK  [0m] Started Monitoring of LVM2 mirrors,...ng dmeventd or progress polling.
[[0;32m  OK  [0m] Reached target Local File Systems (Pre).
[[0;32m  OK  [0m] Reached target Local File Systems.
         Starting Commit a transient machine-id on disk...
         Starting Set console font and keymap...
         Starting Initial cloud-init job (pre-networking)...
         Starting Tell Plymouth To Write Out Runtime Data...
         Starting Create Volatile Files and Directories...
         Starting LSB: AppArmor initialization...
[[0;32m  OK  [0m] Started Tell Plymouth To Write Out Runtime Data.
[[0;32m  OK  [0m] Started Commit a transient machine-id on disk.
[[0;32m  OK  [0m] Started Create Volatile Files and Directories.
         Starting Update UTMP about System Boot/Shutdown...
[[0;32m  OK  [0m] Started Update UTMP about System Boot/Shutdown.
[[0;32m  OK  [0m] Found device /dev/ttyS0.
[[0;32m  OK  [0m] Listening on Load/Save RF Kill Switch Status /dev/rfkill Watch.
[[0;32m  OK  [0m] Started LSB: AppArmor initialization.
[    8.205264] cloud-init[490]: Cloud-init v. 19.1-1-gbaa47854-0ubuntu1~16.04.1 running 'init-local' at Fri, 02 Aug 2019 06:04:15 +0000. Up 7.80 seconds.
[[0;32m  OK  [0m] Started Initial cloud-init job (pre-networking).
[[0;32m  OK  [0m] Reached target Network (Pre).
         Starting Raise network interfaces...
[[0;32m  OK  [0m] Started Set console font and keymap.
[[0;32m  OK  [0m] Created slice system-getty.slice.
[[0;32m  OK  [0m] Started Raise network interfaces.
[[0;32m  OK  [0m] Reached target Network.
         Starting Initial cloud-init job (metadata service crawler)...
[    9.500788] cloud-init[954]: Cloud-init v. 19.1-1-gbaa47854-0ubuntu1~16.04.1 running 'init' at Fri, 02 Aug 2019 06:04:16 +0000. Up 8.96 seconds.
[    9.505247] cloud-init[954]: ci-info: ++++++++++++++++++++++++++++++++++++++Net device info++++++++++++++++++++++++++++++++++++++
[    9.509557] cloud-init[954]: ci-info: +--------+------+----------------------------+---------------+--------+-------------------+
[    9.513662] cloud-init[954]: ci-info: | Device |  Up  |          Address           |      Mask     | Scope  |     Hw-Address    |
[    9.517659] cloud-init[954]: ci-info: +--------+------+----------------------------+---------------+--------+-------------------+
[    9.521643] cloud-init[954]: ci-info: | enp0s3 | True |         10.0.2.15          | 255.255.255.0 | global | 02:f8:81:3a:50:13 |
[    9.526447] cloud-init[954]: ci-info: | enp0s3 | True | fe80::f8:81ff:fe3a:5013/64 |       .       |  link  | 02:f8:81:3a:50:13 |
[    9.533183] cloud-init[954]: ci-info: |   lo   | True |         127.0.0.1          |   255.0.0.0   |  host  |         .         |
[    9.536393] cloud-init[954]: ci-info: |   lo   | True |          ::1/128           |       .       |  host  |         .         |
[    9.540403] cloud-init[954]: ci-info: +--------+------+----------------------------+---------------+--------+-------------------+
[    9.544537] cloud-init[954]: ci-info: +++++++++++++++++++++++++++Route IPv4 info++++++++++++++++++++++++++++
[    9.548241] cloud-init[954]: ci-info: +-------+-------------+----------+---------------+-----------+-------+
[    9.551948] cloud-init[954]: ci-info: | Route | Destination | Gateway  |    Genmask    | Interface | Flags |
[    9.556194] cloud-init[954]: ci-info: +-------+-------------+----------+---------------+-----------+-------+
[    9.560452] cloud-init[954]: ci-info: |   0   |   0.0.0.0   | 10.0.2.2 |    0.0.0.0    |   enp0s3  |   UG  |
[    9.564538] cloud-init[954]: ci-info: |   1   |   10.0.2.0  | 0.0.0.0  | 255.255.255.0 |   enp0s3  |   U   |
[    9.567539] cloud-init[954]: ci-info: +-------+-------------+----------+---------------+-----------+-------+
[    9.571784] cloud-init[954]: ci-info: +++++++++++++++++++Route IPv6 info+++++++++++++++++++
[    9.574456] cloud-init[954]: ci-info: +-------+-------------+---------+-----------+-------+
[    9.577478] cloud-init[954]: ci-info: | Route | Destination | Gateway | Interface | Flags |
[    9.579216] cloud-init[954]: ci-info: +-------+-------------+---------+-----------+-------+
[    9.581330] cloud-init[954]: ci-info: |   0   |  fe80::/64  |    ::   |   enp0s3  |   U   |
[    9.583024] cloud-init[954]: ci-info: |   3   |   ff00::/8  |    ::   |   enp0s3  |   U   |
[    9.585202] cloud-init[954]: ci-info: +-------+-------------+---------+-----------+-------+
[    9.587725] cloud-init[954]: Generating public/private rsa key pair.
[    9.589310] cloud-init[954]: Your identification has been saved in /etc/ssh/ssh_host_rsa_key.
[    9.591246] cloud-init[954]: Your public key has been saved in /etc/ssh/ssh_host_rsa_key.pub.
[    9.593157] cloud-init[954]: The key fingerprint is:
[    9.594443] cloud-init[954]: SHA256:rGe2a+e/JqFsOphAMy/inC+uM3DR8Wfd3skQZFMcvmk root@ubuntu-xenial
[    9.596635] cloud-init[954]: The key's randomart image is:
[    9.598436] cloud-init[954]: +---[RSA 2048]----+
[    9.599639] cloud-init[954]: |           .+oo. |
[    9.600928] cloud-init[954]: |    .      ..o.  |
[    9.602304] cloud-init[954]: |   . o   . . ..  |
[    9.603695] cloud-init[954]: |  = . ..o . o  o |
[    9.604900] cloud-init[954]: | . =   oS  . +E. |
[    9.613826] cloud-init[954]: |o + .  .  . ..+  |
[    9.616369] cloud-init[954]: |+o.o o..+. .     |
[    9.617663] cloud-init[954]: |o=  o .+=.o .    |
[    9.619321] cloud-init[954]: |++o.  .=o+.+o.   |
[    9.620860] cloud-init[954]: +----[SHA256]-----+
[    9.622393] cloud-init[954]: Generating public/private dsa key pair.
[    9.624381] cloud-init[954]: Your identification has been saved in /etc/ssh/ssh_host_dsa_key.
[    9.628110] [[0;32m  OK  [0m] Started Initial cloud-init job (metadata service crawler).
cloud-init[[0;32m  OK  [0m] Reached target Network is Online.
[954]: Your public key has been saved in /etc/ssh/ssh_host_dsa_key.pub.
[    9.641454]          Starting iSCSI initiator daemon (iscsid)...
[[0;32m  OK  [0mcloud-init] Reached target Cloud-config availability.
[[0;32m  OK  [0m] Reached target System Initialization.
[954]:          Starting LXD - unix socket.
[[0;32m  OK  [0m] Started Daily apt download activities.
[[0;32m  OK  [0m] Started Daily Cleanup of Temporary Directories.
[[0;32m  OK  [0m] Listening on ACPID Listen Socket.The key fingerprint is:

[[0;32m  OK  [0m] Started Daily apt upgrade and clean activities.
[[0;32m  OK  [0m] Listening on D-Bus System Message Bus Socket.
[[0;32m  OK  [0m] Listening on UUID daemon activation socket.
[    9.652874] cloud-init[954]: SHA256:86Yi3TaNF4WvXodFPrgAB1NTuRdYnV8QFFlPaPy4aNI root@ubuntu-xenial
[    9.668334] [[0;32m  OK  [0m] Started ACPI Events Check.
[[0;32m  OK  [0m] Reached target Paths.
[[0;32m  OK  [0m] Reached target Timers.
         cloud-init[954]: The key's randomart image is:
[    9.673511] Starting Socket activation for snappy daemon.
cloud-init[954]: +---[DSA 1024]----+
[    9.676667] cloud-init[954]: |        o.o..**O+|
[    9.684935] cloud-init[954]: |         o .o *o+|
[    9.697771] cloud-init[954]: |        . .. o.++|[[0;32m  OK  [0m] Listening on LXD - unix socket.
[[0;32m  OK  [0m] Listening on Socket activation for snappy daemon.

[    9.710852] [[0;32m  OK  [0m] Started iSCSI initiator daemon (iscsid).
cloud-init[954]: |         o. o+o o|
[    9.713718] cloud-init[954]: |        S .+.o+. |
[    9.715780] cloud-init[954]: |         oo.E+.. |
[    9.717623] cloud-init[954]: |     . . oo=+ .  |
[    9.719290] cloud-init[954]: |    . o =o+. .   |
[    9.721437] cloud-init[954]: |     . o.+.      |
[    9.722637] cloud-init[954]: +----[SHA256]-----+
[    9.724252] cloud-init[954]: Generating public/private ecdsa key pair.
[    9.726749] cloud-init[954]: Your identification has been saved in /etc/ssh/ssh_host_ecdsa_key.
[    9.730188] cloud-init[954]: Your public key has been saved in /etc/ssh/ssh_host_ecdsa_key.pub.         Starting Login to default iSCSI targets...
[[0;32m  OK  [0m] Reached target Sockets.
[[0;32m  OK  [0m] Reached target Basic System.

[    9.738034] cloud-init[954]: The key fingerprint is:
[[0;32m  OK  [0m] Started ACPI event daemon.
[    9.741080] cloud-init[954]: SHA256:sO0qIzMrgkpQP7uLH+V7DJ5cXJeo0gwJiwM3fajTA2A root@ubuntu-xenial
[    9.748860] cloud-init[954]: The key's randomart image is:
[[0;32m  OK  [0m] Started Regular background program processing daemon.
[    9.749585]          Starting LSB: Record successful boot for GRUB...
[[0;32m  OK  [0m] Started D-Bus System Message Bus.
cloud-init[954]: +---[ECDSA 256]---+
[    9.766319] cloud-init[954]: |.E . .           |
[    9.770667] cloud-init[954]: |o + + .          |
[    9.773590] cloud-init[954]: | o.* +..   . .   |
[    9.778526] cloud-init[954]: | .=.+ o+  o o    |
[    9.781491] cloud-init[954]: |.  oo.o=So .     |
[    9.788846] cloud-init[954]: |.    =o.*        |
[    9.791789] cloud-init[954]: |..  oo.*.        |
[    9.794800] cloud-init[954]: |= +.oo+oo        |
[    9.797627] cloud-init[954]: |+.o*++o.         |
[    9.799992] cloud-init[954]: +----[SHA256]-----+
[    9.803241] cloud-init[954]: Generating public/private ed25519 key pair.
[    9.806962] cloud-init[954]: Your identification has been saved in /etc/ssh/ssh_host_ed25519_key.
[    9.810747] cloud-init[954]: Your public key has been saved in /etc/ssh/ssh_host_ed25519_key.pub.
[    9.814625] cloud-init[954]: The key fingerprint is:
[    9.817647] cloud-init[954]: SHA256:J2soa8YIvoKQQSlzdOSsEH9DCPx3nt+U2WfXEAYJvl4 root@ubuntu-xenial[[0;32m  OK  [0m] Started FUSE filesystem for LXC.

         Starting Login Service...
[    9.826129]          cloud-initStarting System Logging Service...[954]: 
The key's randomart image is:
[    9.839221] cloud-init[954]: +--[ED25519 256]--+
[[0;32m  OK  [0m] Started Deferred execution scheduler.
[    9.841399] cloud-init[954]: |+ooo+     ...o   |
         Starting Pollinate to seed the pseudo random number generator...
[    9.854341] cloud-init[954]: |o*o=     .  . o  |
         Starting Snappy daemon...
[    9.864031] cloud-init[954]: |+oo =     .  . . |
[    9.869771] cloud-init[954]: |.. + o .   .  .  |
         Starting /etc/rc.local Compatibility...
[    9.884222] cloud-init         Starting LSB: MD monitoring daemon...
         Starting Virtualbox guest utils...
         Starting Accounts Service...
[954]:          Starting LXD - container startup/shutdown...
| o. . o S o E  ..|
[[0;32m  OK  [0m] Started /etc/rc.local Compatibility.
[[0;32m  OK  [0m] Started System Logging Service.
[    9.923429] cloud-init[954]: |+      + = = . oo|
[    9.942492] cloud-init[954]: |+. o. . + +   o .|
[    9.954772] cloud-init[954]: |o.. +o . . .     |
[    9.959118] cloud-init[954]: |...o.            |[[0;32m  OK  [0m] Started Login to default iSCSI targets.

[    9.976573] cloud-init[954]: +----[SHA256]-----+
[[0;32m  OK  [0m] Started LSB: Record successful boot for GRUB.
[[0;32m  OK  [0m] Started Login Service.
[[0;32m  OK  [0m] Started Unattended Upgrades Shutdown.
         Starting Authenticate and Authorize Users to Run Privileged Tasks...
[[0;32m  OK  [0m] Reached target Remote File Systems (Pre).
[[0;32m  OK  [0m] Reached target Remote File Systems.
         Starting LSB: Set the CPU Frequency Scaling governor to "ondemand"...
         Starting LSB: automatic crash report generation...
         Starting LSB: daemon to balance interrupts for SMP systems...
         Starting Permit User Sessions...
[[0;32m  OK  [0m] Started LSB: MD monitoring daemon.
[[0;32m  OK  [0m] Started Permit User Sessions.
         Starting Terminate Plymouth Boot Screen...
         Starting Hold until boot process finishes up...
[[0;32m  OK  [0m] Started LSB: Set the CPU Frequency Scaling governor to "ondemand".
[[0;32m  OK  [0m] Started Terminate Plymouth Boot Screen.
[[0;32m  OK  [0m] Started Hold until boot process finishes up.
[[0;32m  OK  [0m] Started Authenticate and Authorize Users to Run Privileged Tasks.
[[0;32m  OK  [0m] Started Serial Getty on ttyS0.
         Starting Set console scheme...
[[0;32m  OK  [0m] Started Getty on tty1.
[[0;32m  OK  [0m] Reached target Login Prompts.
[[0;32m  OK  [0m] Started Set console scheme.
[[0;32m  OK  [0m] Started LSB: daemon to balance interrupts for SMP systems.
[[0;32m  OK  [0m] Started LSB: automatic crash report generation.
[[0;32m  OK  [0m] Started LXD - container startup/shutdown.
[[0;32m  OK  [0m] Started Accounts Service.
[[0;32m  OK  [0m] Started Virtualbox guest utils.
[[0;32m  OK  [0m] Started Snappy daemon.
         Starting Wait until snapd is fully seeded...
[[0;32m  OK  [0m] Started Pollinate to seed the pseudo random number generator.
         Starting OpenBSD Secure Shell server...
[[0;32m  OK  [0m] Started OpenBSD Secure Shell server.
[[0;32m  OK  [0m] Created slice User Slice of vagrant.
         Starting User Manager for UID 1000...
[[0;32m  OK  [0m] Started Session 1 of user vagrant.
[[0;32m  OK  [0m] Started User Manager for UID 1000.
[[0;32m  OK  [0m] Started Wait until snapd is fully seeded.
         Starting Apply the settings specified in cloud-config...
[[0;32m  OK  [0m] Reached target Multi-User System.
[[0;32m  OK  [0m] Reached target Graphical Interface.
         Starting Update UTMP about System Runlevel Changes...
[[0;32m  OK  [0m] Started Update UTMP about System Runlevel Changes.
         Stopping User Manager for UID 1000...
[[0;32m  OK  [0m] Stopped User Manager for UID 1000.
[[0;32m  OK  [0m] Removed slice User Slice of vagrant.
[[0;32m  OK  [0m] Created slice User Slice of vagrant.
         Starting User Manager for UID 1000...
[[0;32m  OK  [0m] Started Session 2 of user vagrant.
[[0;32m  OK  [0m] Started User Manager for UID 1000.
[   14.138288] cloud-init[1479]: Generating locales (this might take a while)...
[   15.121329] cloud-init[1479]:   en_US.UTF-8... done
[   15.124878] cloud-init[1479]: Generation complete.
[   15.626617] cloud-init[1479]: Cloud-init v. 19.1-1-gbaa47854-0ubuntu1~16.04.1 running 'modules:config' at Fri, 02 Aug 2019 06:04:21 +0000. Up 13.92 seconds.

Ubuntu 16.04.6 LTS ubuntu-xenial ttyS0

ubuntu-xenial login: ci-info: no authorized ssh keys fingerprints found for user ubuntu.
<14>Aug  2 06:04:23 ec2: 
<14>Aug  2 06:04:23 ec2: #############################################################
<14>Aug  2 06:04:23 ec2: -----BEGIN SSH HOST KEY FINGERPRINTS-----
<14>Aug  2 06:04:23 ec2: 1024 SHA256:86Yi3TaNF4WvXodFPrgAB1NTuRdYnV8QFFlPaPy4aNI root@ubuntu-xenial (DSA)
<14>Aug  2 06:04:23 ec2: 256 SHA256:sO0qIzMrgkpQP7uLH+V7DJ5cXJeo0gwJiwM3fajTA2A root@ubuntu-xenial (ECDSA)
<14>Aug  2 06:04:23 ec2: 256 SHA256:J2soa8YIvoKQQSlzdOSsEH9DCPx3nt+U2WfXEAYJvl4 root@ubuntu-xenial (ED25519)
<14>Aug  2 06:04:23 ec2: 2048 SHA256:rGe2a+e/JqFsOphAMy/inC+uM3DR8Wfd3skQZFMcvmk root@ubuntu-xenial (RSA)
<14>Aug  2 06:04:23 ec2: -----END SSH HOST KEY FINGERPRINTS-----
<14>Aug  2 06:04:23 ec2: #############################################################
-----BEGIN SSH HOST KEY KEYS-----
ecdsa-sha2-nistp256 AAAAE2VjZHNhLXNoYTItbmlzdHAyNTYAAAAIbmlzdHAyNTYAAABBBACESBnX8U+lK1WQwyS8FSYZOI41+3m2oLHO5DCONF3bWFleBoaAN6qUM7SRajLK9ScJ4DgnRnvvtDF7fkhuQn4= root@ubuntu-xenial
ssh-ed25519 AAAAC3NzaC1lZDI1NTE5AAAAIKBG5dnwPXCcYQz7sQ7PNQHTpBbqShHy23yx9SIiAia0 root@ubuntu-xenial
ssh-rsa AAAAB3NzaC1yc2EAAAADAQABAAABAQC/48lXQeoedcv5hZBG1+pQ+7lkS7jcPHEXFRbjPn5FbxsdXGY1FPJwSPGLHHj6VMTrZSY4foWky3l1+wfQBEiRi9sCQ8s8sA+E/lITdQ/amnXn7iGf59edLELiQo3pOV0kRvRlGWj5VitxhMTQIaIpHkK49D2DyNfPovDr7TwURdhPaBb8tdkmnxKPk5mgwaGob3c9jXomWIV0wa/oubuDdJVUD7PZT0MO+4loNs2/oQlUxMOlfqXxZVNweCLKNWlMLLSHsdyTvmdBzzeL07P18og8jDi+70GveAPxccAedn2exeiubktYHDx/tqVCCFBpxWxeMJ8hSttZatc/O7T1 root@ubuntu-xenial
-----END SSH HOST KEY KEYS-----
[   16.330080] cloud-init[1679]: Cloud-init v. 19.1-1-gbaa47854-0ubuntu1~16.04.1 running 'modules:final' at Fri, 02 Aug 2019 06:04:23 +0000. Up 16.15 seconds.
[   16.334995] cloud-init[1679]: ci-info: no authorized ssh keys fingerprints found for user ubuntu.
[   16.337957] cloud-init[1679]: Cloud-init v. 19.1-1-gbaa47854-0ubuntu1~16.04.1 finished at Fri, 02 Aug 2019 06:04:23 +0000. Datasource DataSourceNoCloud [seed=/dev/sdb][dsmode=net].  Up 16.29 seconds
